../mbedtls/library/ctr_drbg.c:51:6:mbedtls_ctr_drbg_init	16	static
../mbedtls/library/ctr_drbg.c:65:6:mbedtls_ctr_drbg_free	16	static
../mbedtls/library/ctr_drbg.c:81:6:mbedtls_ctr_drbg_set_prediction_resistance	8	static
../mbedtls/library/ctr_drbg.c:87:6:mbedtls_ctr_drbg_set_entropy_len	8	static
../mbedtls/library/ctr_drbg.c:93:5:mbedtls_ctr_drbg_set_nonce_len	8	static
../mbedtls/library/ctr_drbg.c:119:6:mbedtls_ctr_drbg_set_reseed_interval	8	static
../mbedtls/library/ctr_drbg.c:125:12:block_cipher_df	848	static
../mbedtls/library/ctr_drbg.c:256:12:ctr_drbg_update_internal	80	static
../mbedtls/library/ctr_drbg.c:318:5:mbedtls_ctr_drbg_update_ret	80	static
../mbedtls/library/ctr_drbg.c:339:6:mbedtls_ctr_drbg_update	24	static
../mbedtls/library/ctr_drbg.c:364:12:mbedtls_ctr_drbg_reseed_internal	416	static
../mbedtls/library/ctr_drbg.c:420:5:mbedtls_ctr_drbg_reseed	24	static
../mbedtls/library/ctr_drbg.c:431:15:good_nonce_len	8	static
../mbedtls/library/ctr_drbg.c:450:5:mbedtls_ctr_drbg_seed	64	static
../mbedtls/library/ctr_drbg.c:517:5:mbedtls_ctr_drbg_random_with_add	112	static
../mbedtls/library/ctr_drbg.c:594:5:mbedtls_ctr_drbg_random	40	static
../mbedtls/library/ctr_drbg.c:818:12:ctr_drbg_self_test_entropy	32	static
../mbedtls/library/ctr_drbg.c:839:5:mbedtls_ctr_drbg_self_test	408	static
