../mbedtls/library/ecdh.c:48:29:mbedtls_ecdh_grp_id	8	static
../mbedtls/library/ecdh.c:58:5:mbedtls_ecdh_can_do	8	static
../mbedtls/library/ecdh.c:73:12:ecdh_gen_public_restartable	48	static
../mbedtls/library/ecdh.c:97:5:mbedtls_ecdh_gen_public	32	static
../mbedtls/library/ecdh.c:113:12:ecdh_compute_shared_restartable	80	static
../mbedtls/library/ecdh.c:145:5:mbedtls_ecdh_compute_shared	40	static
../mbedtls/library/ecdh.c:159:13:ecdh_init_internal	16	static
../mbedtls/library/ecdh.c:175:6:mbedtls_ecdh_init	16	static
../mbedtls/library/ecdh.c:195:12:ecdh_setup_internal	24	static
../mbedtls/library/ecdh.c:212:5:mbedtls_ecdh_setup	16	static
../mbedtls/library/ecdh.c:238:13:ecdh_free_internal	16	static
../mbedtls/library/ecdh.c:266:6:mbedtls_ecdh_free	16	static
../mbedtls/library/ecdh.c:297:12:ecdh_make_params_internal	48	static
../mbedtls/library/ecdh.c:355:5:mbedtls_ecdh_make_params	48	static
../mbedtls/library/ecdh.c:394:12:ecdh_read_params_internal	24	static
../mbedtls/library/ecdh.c:409:5:mbedtls_ecdh_read_params	32	static
../mbedtls/library/ecdh.c:446:12:ecdh_get_params_internal	32	static
../mbedtls/library/ecdh.c:470:5:mbedtls_ecdh_get_params	32	static
../mbedtls/library/ecdh.c:520:12:ecdh_make_public_internal	40	static
../mbedtls/library/ecdh.c:561:5:mbedtls_ecdh_make_public	48	static
../mbedtls/library/ecdh.c:598:12:ecdh_read_public_internal	32	static
../mbedtls/library/ecdh.c:617:5:mbedtls_ecdh_read_public	24	static
../mbedtls/library/ecdh.c:642:12:ecdh_calc_secret_internal	40	static
../mbedtls/library/ecdh.c:695:5:mbedtls_ecdh_calc_secret	48	static
